// Jest Snapshot v1, https://goo.gl/fbAQLP

exports[`Select should match snapshot 1`] = `
<label>
  <select
    onChange={[Function]}
  >
    <option
      key="red"
      value="red"
    >
      Red
    </option>
    <option
      key="green"
      value="green"
    >
      Green
    </option>
    <option
      key="blue"
      value="blue"
    >
      Blue
    </option>
  </select>
</label>
`;
